// Jest Snapshot v1, https://goo.gl/fbAQLP

exports[`renders correctly 1`] = `
<View
  style={
    Object {
      "flex": 1,
    }
  }
>
  <View
    style={
      Object {
        "alignItems": "center",
        "backgroundColor": "#00227b",
        "flexDirection": "row",
        "height": 50,
        "justifyContent": "space-between",
        "padding": 7,
      }
    }
  >
    <View
      style={
        Object {
          "flex": 1,
        }
      }
    >
      <View
        accessibilityRole="button"
        accessibilityState={
          Object {
            "disabled": false,
          }
        }
        accessible={true}
        focusable={true}
        hitSlop={
          Object {
            "bottom": 6,
            "left": 6,
            "right": 6,
            "top": 6,
          }
        }
        onClick={[Function]}
        onResponderGrant={[Function]}
        onResponderMove={[Function]}
        onResponderRelease={[Function]}
        onResponderTerminate={[Function]}
        onResponderTerminationRequest={[Function]}
        onStartShouldSetResponder={[Function]}
        style={
          Array [
            Object {
              "overflow": "hidden",
            },
            Array [
              Object {
                "alignItems": "center",
                "justifyContent": "center",
                "margin": 6,
                "overflow": "hidden",
              },
              Object {
                "borderRadius": 22.5,
                "height": 45,
                "width": 45,
              },
              undefined,
              Object {
                "margin": 0,
              },
            ],
          ]
        }
      >
        <View>
          <Text
            accessibilityElementsHidden={true}
            allowFontScaling={false}
            importantForAccessibility="no-hide-descendants"
            pointerEvents="none"
            selectable={false}
            style={
              Array [
                Object {
                  "color": "white",
                  "fontSize": 30,
                },
                Array [
                  Object {
                    "lineHeight": 30,
                    "transform": Array [
                      Object {
                        "scaleX": 1,
                      },
                    ],
                  },
                  Object {
                    "backgroundColor": "transparent",
                  },
                ],
                Object {
                  "fontFamily": "Material Design Icons",
                  "fontStyle": "normal",
                  "fontWeight": "normal",
                },
                Object {},
              ]
            }
          >
            Û±Åç
          </Text>
        </View>
      </View>
    </View>
    <View
      style={
        Object {
          "flex": 4,
          "flexDirection": "row",
          "justifyContent": "center",
        }
      }
    >
      <Text
        style={
          Object {
            "color": "white",
            "fontSize": 20,
          }
        }
      >
        Create Community
      </Text>
    </View>
    <View
      style={
        Object {
          "flex": 1,
        }
      }
    />
  </View>
  <RCTScrollView
    contentContainerStyle={
      Object {
        "flexGrow": 1,
      }
    }
    keyboardShouldPersistTaps="handled"
  >
    <View>
      <View
        onLayout={[Function]}
      >
        <View
          style={
            Object {
              "flexDirection": "column",
              "justifyContent": "space-between",
              "marginLeft": 25,
              "marginRight": 20,
              "paddingBottom": 20,
              "paddingTop": 10,
            }
          }
        >
          <Text
            style={
              Object {
                "color": "#3949ab",
                "marginVertical": 6,
              }
            }
          >
            Community Name
            :
          </Text>
          <TextInput
            autoCapitalize="sentences"
            blurOnSubmit={false}
            multiline={true}
            onChangeText={[Function]}
            placeholder="Community Name"
            placeholderTextColor="#8b9cb5"
            returnKeyType="next"
            style={
              Object {
                "backgroundColor": "#f5f5f5",
                "borderColor": "lightgray",
                "borderWidth": 1,
                "color": "black",
                "paddingBottom": 1,
              }
            }
            underlineColorAndroid="#f000"
          />
        </View>
        <View
          style={
            Object {
              "flexDirection": "column",
              "justifyContent": "space-between",
              "marginLeft": 25,
              "marginRight": 20,
              "paddingBottom": 20,
              "paddingTop": 10,
            }
          }
        >
          <Text
            style={
              Object {
                "color": "#3949ab",
                "marginVertical": 6,
              }
            }
          >
            Community Photo
            :
          </Text>
          <TextInput
            blurOnSubmit={false}
            multiline={true}
            onChangeText={[Function]}
            onSubmitEditing={[Function]}
            placeholder="Icon URL"
            placeholderTextColor="#8b9cb5"
            returnKeyType="next"
            style={
              Object {
                "backgroundColor": "#f5f5f5",
                "borderColor": "lightgray",
                "borderWidth": 1,
                "color": "black",
                "paddingBottom": 1,
              }
            }
            underlineColorAndroid="#f000"
          />
        </View>
        <View
          style={
            Object {
              "flexDirection": "column",
              "justifyContent": "space-between",
              "marginLeft": 25,
              "marginRight": 20,
              "paddingBottom": 20,
              "paddingTop": 10,
            }
          }
        >
          <Text
            style={
              Object {
                "color": "#3949ab",
                "marginVertical": 6,
              }
            }
          >
            Community Description
            :
          </Text>
          <TextInput
            blurOnSubmit={false}
            multiline={true}
            onChangeText={[Function]}
            onSubmitEditing={[Function]}
            placeholder="Description"
            placeholderTextColor="#8b9cb5"
            returnKeyType="next"
            style={
              Object {
                "backgroundColor": "#f5f5f5",
                "borderColor": "lightgray",
                "borderWidth": 1,
                "color": "black",
                "paddingBottom": 1,
              }
            }
            underlineColorAndroid="#f000"
          />
        </View>
        <View
          style={
            Object {
              "flexDirection": "column",
              "justifyContent": "space-between",
              "marginLeft": 25,
              "marginRight": 20,
              "paddingBottom": 20,
              "paddingTop": 10,
            }
          }
        >
          <Text
            style={
              Object {
                "color": "#3949ab",
                "marginVertical": 6,
              }
            }
          >
            Private Community
            :
          </Text>
          <View
            style={
              Object {
                "flexDirection": "row",
                "justifyContent": "space-between",
              }
            }
          >
            <Text
              style={
                Object {
                  "color": "black",
                  "fontSize": 12,
                  "width": "80%",
                }
              }
            >
              Only members can view posts of the private communities
            </Text>
            <RCTSwitch
              accessibilityRole="switch"
              onChange={[Function]}
              onResponderTerminationRequest={[Function]}
              onStartShouldSetResponder={[Function]}
              onTintColor="#81b0ff"
              style={
                Array [
                  Object {
                    "height": 31,
                    "width": 51,
                  },
                  Object {
                    "backgroundColor": "#3e3e3e",
                    "borderRadius": 16,
                  },
                ]
              }
              thumbTintColor="#f4f3f4"
              tintColor="#767577"
              value={false}
            />
          </View>
        </View>
        <View
          style={
            Object {
              "alignItems": "center",
            }
          }
        >
          <View
            accessible={true}
            collapsable={false}
            focusable={true}
            nativeID="animatedComponent"
            onClick={[Function]}
            onResponderGrant={[Function]}
            onResponderMove={[Function]}
            onResponderRelease={[Function]}
            onResponderTerminate={[Function]}
            onResponderTerminationRequest={[Function]}
            onStartShouldSetResponder={[Function]}
            style={
              Object {
                "alignItems": "center",
                "backgroundColor": "#3849aa",
                "borderColor": "#3849aa",
                "borderRadius": 12,
                "borderWidth": 0,
                "height": 50,
                "justifyContent": "center",
                "marginBottom": 0,
                "marginLeft": 0,
                "marginRight": 0,
                "marginTop": 0,
                "opacity": 1,
                "width": "80%",
              }
            }
          >
            <View>
              <Text
                style={
                  Object {
                    "color": "#ffffff",
                    "fontSize": 16,
                    "paddingVertical": 10,
                    "textAlign": "center",
                  }
                }
              >
                CREATE
              </Text>
            </View>
          </View>
        </View>
      </View>
    </View>
  </RCTScrollView>
</View>
`;
