// Jest Snapshot v1, https://goo.gl/fbAQLP

exports[`renders correctly 1`] = `
<View
  style={
    Object {
      "flex": 1,
    }
  }
>
  <View
    style={
      Object {
        "alignItems": "center",
        "backgroundColor": "#00227b",
        "flexDirection": "row",
        "height": 50,
        "justifyContent": "space-between",
        "padding": 7,
      }
    }
  >
    <View
      style={
        Object {
          "flex": 1,
        }
      }
    >
      <View
        accessibilityRole="button"
        accessibilityState={
          Object {
            "disabled": false,
          }
        }
        accessible={true}
        focusable={true}
        hitSlop={
          Object {
            "bottom": 6,
            "left": 6,
            "right": 6,
            "top": 6,
          }
        }
        onClick={[Function]}
        onResponderGrant={[Function]}
        onResponderMove={[Function]}
        onResponderRelease={[Function]}
        onResponderTerminate={[Function]}
        onResponderTerminationRequest={[Function]}
        onStartShouldSetResponder={[Function]}
        style={
          Array [
            Object {
              "overflow": "hidden",
            },
            Array [
              Object {
                "alignItems": "center",
                "justifyContent": "center",
                "margin": 6,
                "overflow": "hidden",
              },
              Object {
                "borderRadius": 22.5,
                "height": 45,
                "width": 45,
              },
              undefined,
              Object {
                "margin": 0,
              },
            ],
          ]
        }
      >
        <View>
          <Text
            accessibilityElementsHidden={true}
            allowFontScaling={false}
            importantForAccessibility="no-hide-descendants"
            pointerEvents="none"
            selectable={false}
            style={
              Array [
                Object {
                  "color": "white",
                  "fontSize": 30,
                },
                Array [
                  Object {
                    "lineHeight": 30,
                    "transform": Array [
                      Object {
                        "scaleX": 1,
                      },
                    ],
                  },
                  Object {
                    "backgroundColor": "transparent",
                  },
                ],
                Object {
                  "fontFamily": "Material Design Icons",
                  "fontStyle": "normal",
                  "fontWeight": "normal",
                },
                Object {},
              ]
            }
          >
            󰳝
          </Text>
        </View>
      </View>
    </View>
    <View
      style={
        Object {
          "flex": 4,
          "flexDirection": "row",
          "justifyContent": "center",
        }
      }
    >
      <View
        style={
          Object {
            "alignItems": "center",
            "flexDirection": "row",
          }
        }
      >
        <View
          accessibilityRole="button"
          accessibilityState={
            Object {
              "disabled": true,
            }
          }
          accessible={true}
          focusable={false}
          hitSlop={
            Object {
              "bottom": 6,
              "left": 6,
              "right": 6,
              "top": 6,
            }
          }
          onClick={[Function]}
          onResponderGrant={[Function]}
          onResponderMove={[Function]}
          onResponderRelease={[Function]}
          onResponderTerminate={[Function]}
          onResponderTerminationRequest={[Function]}
          onStartShouldSetResponder={[Function]}
          style={
            Array [
              Object {
                "overflow": "hidden",
              },
              Array [
                Object {
                  "alignItems": "center",
                  "justifyContent": "center",
                  "margin": 6,
                  "overflow": "hidden",
                },
                Object {
                  "borderRadius": 22.5,
                  "height": 45,
                  "width": 45,
                },
                undefined,
                Object {
                  "margin": 0,
                },
              ],
            ]
          }
        >
          <View>
            <Text
              accessibilityElementsHidden={true}
              allowFontScaling={false}
              importantForAccessibility="no-hide-descendants"
              pointerEvents="none"
              selectable={false}
              style={
                Array [
                  Object {
                    "color": "white",
                    "fontSize": 30,
                  },
                  Array [
                    Object {
                      "lineHeight": 30,
                      "transform": Array [
                        Object {
                          "scaleX": 1,
                        },
                      ],
                    },
                    Object {
                      "backgroundColor": "transparent",
                    },
                  ],
                  Object {
                    "fontFamily": "Material Design Icons",
                    "fontStyle": "normal",
                    "fontWeight": "normal",
                  },
                  Object {},
                ]
              }
            >
              󰏗
            </Text>
          </View>
        </View>
        <Text
          style={
            Object {
              "color": "white",
              "fontSize": 20,
            }
          }
        >
          Create Post Type
        </Text>
      </View>
    </View>
    <View
      style={
        Object {
          "flex": 1,
        }
      }
    />
  </View>
  <RCTScrollView
    keyboardShouldPersistTaps="handled"
    style={
      Object {
        "flex": 1,
        "marginBottom": 20,
      }
    }
  >
    <View>
      <View
        style={
          Object {
            "alignItems": "center",
            "borderBottomColor": "lightgray",
            "borderBottomWidth": 1,
            "flexDirection": "row",
            "justifyContent": "space-between",
            "marginLeft": 10,
            "marginRight": 20,
          }
        }
      >
        <View
          style={
            Object {
              "alignItems": "center",
              "flexDirection": "row",
              "justifyContent": "space-between",
              "marginLeft": 8,
              "paddingTop": 20,
            }
          }
        >
          <TextInput
            autoCapitalize="sentences"
            blurOnSubmit={false}
            onChangeText={[Function]}
            onSubmitEditing={[Function]}
            placeholder="Post Type Name"
            placeholderTextColor="#8b9cb5"
            returnKeyType="done"
            underlineColorAndroid="#f000"
          />
        </View>
        <View
          accessible={true}
          collapsable={false}
          focusable={true}
          nativeID="animatedComponent"
          onClick={[Function]}
          onResponderGrant={[Function]}
          onResponderMove={[Function]}
          onResponderRelease={[Function]}
          onResponderTerminate={[Function]}
          onResponderTerminationRequest={[Function]}
          onStartShouldSetResponder={[Function]}
          style={
            Object {
              "alignItems": "center",
              "backgroundColor": "#3849aa",
              "borderColor": "#3849aa",
              "borderRadius": 12,
              "borderWidth": 0,
              "height": 40,
              "justifyContent": "center",
              "marginBottom": 0,
              "marginLeft": 0,
              "marginRight": 0,
              "marginTop": 0,
              "opacity": 1,
              "width": "20%",
            }
          }
        >
          <View>
            <Text
              style={
                Object {
                  "color": "#ffffff",
                  "fontSize": 16,
                  "paddingVertical": 10,
                  "textAlign": "center",
                }
              }
            >
              Create
            </Text>
          </View>
        </View>
      </View>
      <View
        style={
          Object {
            "alignItems": "center",
            "flexDirection": "row",
            "justifyContent": "space-between",
            "marginLeft": 8,
            "paddingTop": 20,
          }
        }
      >
        <Text
          style={
            Object {
              "color": "#00227b",
              "fontSize": 16,
              "fontWeight": "600",
              "textAlign": "center",
            }
          }
        >
           Add Text Field 
        </Text>
        <View
          accessibilityRole="button"
          accessibilityState={
            Object {
              "disabled": false,
            }
          }
          accessible={true}
          focusable={true}
          hitSlop={
            Object {
              "bottom": 6,
              "left": 6,
              "right": 6,
              "top": 6,
            }
          }
          onClick={[Function]}
          onResponderGrant={[Function]}
          onResponderMove={[Function]}
          onResponderRelease={[Function]}
          onResponderTerminate={[Function]}
          onResponderTerminationRequest={[Function]}
          onStartShouldSetResponder={[Function]}
          style={
            Array [
              Object {
                "overflow": "hidden",
              },
              Array [
                Object {
                  "alignItems": "center",
                  "justifyContent": "center",
                  "margin": 6,
                  "overflow": "hidden",
                },
                Object {
                  "borderRadius": 22.5,
                  "height": 45,
                  "width": 45,
                },
                undefined,
                undefined,
              ],
            ]
          }
        >
          <View>
            <Text
              accessibilityElementsHidden={true}
              allowFontScaling={false}
              importantForAccessibility="no-hide-descendants"
              pointerEvents="none"
              selectable={false}
              style={
                Array [
                  Object {
                    "color": "#3849aa",
                    "fontSize": 30,
                  },
                  Array [
                    Object {
                      "lineHeight": 30,
                      "transform": Array [
                        Object {
                          "scaleX": 1,
                        },
                      ],
                    },
                    Object {
                      "backgroundColor": "transparent",
                    },
                  ],
                  Object {
                    "fontFamily": "Material Design Icons",
                    "fontStyle": "normal",
                    "fontWeight": "normal",
                  },
                  Object {},
                ]
              }
            >
              󰐕
            </Text>
          </View>
        </View>
      </View>
      <View
        style={
          Object {
            "flexDirection": "row",
            "width": "100%",
          }
        }
      >
        <View
          style={
            Object {
              "alignItems": "center",
              "borderBottomColor": "lightgray",
              "borderBottomWidth": 1,
              "flex": 9,
              "flexDirection": "row",
              "justifyContent": "space-between",
              "marginLeft": 20,
              "marginRight": 20,
            }
          }
        >
          <TextInput
            onChangeText={[Function]}
            placeholder="Enter field name"
            value=""
          />
        </View>
        <View
          accessibilityRole="button"
          accessibilityState={
            Object {
              "disabled": false,
            }
          }
          accessible={true}
          focusable={true}
          hitSlop={
            Object {
              "bottom": 6,
              "left": 6,
              "right": 6,
              "top": 6,
            }
          }
          onClick={[Function]}
          onResponderGrant={[Function]}
          onResponderMove={[Function]}
          onResponderRelease={[Function]}
          onResponderTerminate={[Function]}
          onResponderTerminationRequest={[Function]}
          onStartShouldSetResponder={[Function]}
          style={
            Array [
              Object {
                "overflow": "hidden",
              },
              Array [
                Object {
                  "alignItems": "center",
                  "justifyContent": "center",
                  "margin": 6,
                  "overflow": "hidden",
                },
                Object {
                  "borderRadius": 18.75,
                  "height": 37.5,
                  "width": 37.5,
                },
                undefined,
                Object {
                  "flex": 1,
                  "marginRight": 12,
                },
              ],
            ]
          }
        >
          <View>
            <Text
              accessibilityElementsHidden={true}
              allowFontScaling={false}
              importantForAccessibility="no-hide-descendants"
              pointerEvents="none"
              selectable={false}
              style={
                Array [
                  Object {
                    "color": "#6e74dc",
                    "fontSize": 25,
                  },
                  Array [
                    Object {
                      "lineHeight": 25,
                      "transform": Array [
                        Object {
                          "scaleX": 1,
                        },
                      ],
                    },
                    Object {
                      "backgroundColor": "transparent",
                    },
                  ],
                  Object {
                    "fontFamily": "Material Design Icons",
                    "fontStyle": "normal",
                    "fontWeight": "normal",
                  },
                  Object {},
                ]
              }
            >
              󰮈
            </Text>
          </View>
        </View>
      </View>
      <View
        style={
          Object {
            "alignItems": "center",
            "flexDirection": "row",
            "justifyContent": "space-between",
            "marginLeft": 8,
            "paddingTop": 20,
          }
        }
      >
        <Text
          style={
            Object {
              "color": "#00227b",
              "fontSize": 16,
              "fontWeight": "600",
              "textAlign": "center",
            }
          }
        >
          Add Number Field
        </Text>
        <View
          accessibilityRole="button"
          accessibilityState={
            Object {
              "disabled": false,
            }
          }
          accessible={true}
          focusable={true}
          hitSlop={
            Object {
              "bottom": 6,
              "left": 6,
              "right": 6,
              "top": 6,
            }
          }
          onClick={[Function]}
          onResponderGrant={[Function]}
          onResponderMove={[Function]}
          onResponderRelease={[Function]}
          onResponderTerminate={[Function]}
          onResponderTerminationRequest={[Function]}
          onStartShouldSetResponder={[Function]}
          style={
            Array [
              Object {
                "overflow": "hidden",
              },
              Array [
                Object {
                  "alignItems": "center",
                  "justifyContent": "center",
                  "margin": 6,
                  "overflow": "hidden",
                },
                Object {
                  "borderRadius": 22.5,
                  "height": 45,
                  "width": 45,
                },
                undefined,
                undefined,
              ],
            ]
          }
        >
          <View>
            <Text
              accessibilityElementsHidden={true}
              allowFontScaling={false}
              importantForAccessibility="no-hide-descendants"
              pointerEvents="none"
              selectable={false}
              style={
                Array [
                  Object {
                    "color": "#3849aa",
                    "fontSize": 30,
                  },
                  Array [
                    Object {
                      "lineHeight": 30,
                      "transform": Array [
                        Object {
                          "scaleX": 1,
                        },
                      ],
                    },
                    Object {
                      "backgroundColor": "transparent",
                    },
                  ],
                  Object {
                    "fontFamily": "Material Design Icons",
                    "fontStyle": "normal",
                    "fontWeight": "normal",
                  },
                  Object {},
                ]
              }
            >
              󰐕
            </Text>
          </View>
        </View>
      </View>
      <View
        style={
          Object {
            "flexDirection": "row",
            "width": "100%",
          }
        }
      >
        <View
          style={
            Object {
              "alignItems": "center",
              "borderBottomColor": "lightgray",
              "borderBottomWidth": 1,
              "flex": 9,
              "flexDirection": "row",
              "justifyContent": "space-between",
              "marginLeft": 20,
              "marginRight": 20,
            }
          }
        >
          <TextInput
            onChangeText={[Function]}
            placeholder="Enter field name"
            value=""
          />
        </View>
        <View
          accessibilityRole="button"
          accessibilityState={
            Object {
              "disabled": false,
            }
          }
          accessible={true}
          focusable={true}
          hitSlop={
            Object {
              "bottom": 6,
              "left": 6,
              "right": 6,
              "top": 6,
            }
          }
          onClick={[Function]}
          onResponderGrant={[Function]}
          onResponderMove={[Function]}
          onResponderRelease={[Function]}
          onResponderTerminate={[Function]}
          onResponderTerminationRequest={[Function]}
          onStartShouldSetResponder={[Function]}
          style={
            Array [
              Object {
                "overflow": "hidden",
              },
              Array [
                Object {
                  "alignItems": "center",
                  "justifyContent": "center",
                  "margin": 6,
                  "overflow": "hidden",
                },
                Object {
                  "borderRadius": 18.75,
                  "height": 37.5,
                  "width": 37.5,
                },
                undefined,
                Object {
                  "flex": 1,
                  "marginRight": 12,
                },
              ],
            ]
          }
        >
          <View>
            <Text
              accessibilityElementsHidden={true}
              allowFontScaling={false}
              importantForAccessibility="no-hide-descendants"
              pointerEvents="none"
              selectable={false}
              style={
                Array [
                  Object {
                    "color": "#6e74dc",
                    "fontSize": 25,
                  },
                  Array [
                    Object {
                      "lineHeight": 25,
                      "transform": Array [
                        Object {
                          "scaleX": 1,
                        },
                      ],
                    },
                    Object {
                      "backgroundColor": "transparent",
                    },
                  ],
                  Object {
                    "fontFamily": "Material Design Icons",
                    "fontStyle": "normal",
                    "fontWeight": "normal",
                  },
                  Object {},
                ]
              }
            >
              󰮈
            </Text>
          </View>
        </View>
      </View>
      <View
        style={
          Object {
            "alignItems": "center",
            "flexDirection": "row",
            "justifyContent": "space-between",
            "marginLeft": 8,
            "paddingTop": 20,
          }
        }
      >
        <Text
          style={
            Object {
              "color": "#00227b",
              "fontSize": 16,
              "fontWeight": "600",
              "textAlign": "center",
            }
          }
        >
           Add Date Field 
        </Text>
        <View
          accessibilityRole="button"
          accessibilityState={
            Object {
              "disabled": false,
            }
          }
          accessible={true}
          focusable={true}
          hitSlop={
            Object {
              "bottom": 6,
              "left": 6,
              "right": 6,
              "top": 6,
            }
          }
          onClick={[Function]}
          onResponderGrant={[Function]}
          onResponderMove={[Function]}
          onResponderRelease={[Function]}
          onResponderTerminate={[Function]}
          onResponderTerminationRequest={[Function]}
          onStartShouldSetResponder={[Function]}
          style={
            Array [
              Object {
                "overflow": "hidden",
              },
              Array [
                Object {
                  "alignItems": "center",
                  "justifyContent": "center",
                  "margin": 6,
                  "overflow": "hidden",
                },
                Object {
                  "borderRadius": 22.5,
                  "height": 45,
                  "width": 45,
                },
                undefined,
                undefined,
              ],
            ]
          }
        >
          <View>
            <Text
              accessibilityElementsHidden={true}
              allowFontScaling={false}
              importantForAccessibility="no-hide-descendants"
              pointerEvents="none"
              selectable={false}
              style={
                Array [
                  Object {
                    "color": "#3849aa",
                    "fontSize": 30,
                  },
                  Array [
                    Object {
                      "lineHeight": 30,
                      "transform": Array [
                        Object {
                          "scaleX": 1,
                        },
                      ],
                    },
                    Object {
                      "backgroundColor": "transparent",
                    },
                  ],
                  Object {
                    "fontFamily": "Material Design Icons",
                    "fontStyle": "normal",
                    "fontWeight": "normal",
                  },
                  Object {},
                ]
              }
            >
              󰐕
            </Text>
          </View>
        </View>
      </View>
      <View
        style={
          Object {
            "flexDirection": "row",
            "width": "100%",
          }
        }
      >
        <View
          style={
            Object {
              "alignItems": "center",
              "borderBottomColor": "lightgray",
              "borderBottomWidth": 1,
              "flex": 9,
              "flexDirection": "row",
              "justifyContent": "space-between",
              "marginLeft": 20,
              "marginRight": 20,
            }
          }
        >
          <TextInput
            onChangeText={[Function]}
            placeholder="Enter field name"
            value=""
          />
        </View>
        <View
          accessibilityRole="button"
          accessibilityState={
            Object {
              "disabled": false,
            }
          }
          accessible={true}
          focusable={true}
          hitSlop={
            Object {
              "bottom": 6,
              "left": 6,
              "right": 6,
              "top": 6,
            }
          }
          onClick={[Function]}
          onResponderGrant={[Function]}
          onResponderMove={[Function]}
          onResponderRelease={[Function]}
          onResponderTerminate={[Function]}
          onResponderTerminationRequest={[Function]}
          onStartShouldSetResponder={[Function]}
          style={
            Array [
              Object {
                "overflow": "hidden",
              },
              Array [
                Object {
                  "alignItems": "center",
                  "justifyContent": "center",
                  "margin": 6,
                  "overflow": "hidden",
                },
                Object {
                  "borderRadius": 18.75,
                  "height": 37.5,
                  "width": 37.5,
                },
                undefined,
                Object {
                  "flex": 1,
                  "marginRight": 12,
                },
              ],
            ]
          }
        >
          <View>
            <Text
              accessibilityElementsHidden={true}
              allowFontScaling={false}
              importantForAccessibility="no-hide-descendants"
              pointerEvents="none"
              selectable={false}
              style={
                Array [
                  Object {
                    "color": "#6e74dc",
                    "fontSize": 25,
                  },
                  Array [
                    Object {
                      "lineHeight": 25,
                      "transform": Array [
                        Object {
                          "scaleX": 1,
                        },
                      ],
                    },
                    Object {
                      "backgroundColor": "transparent",
                    },
                  ],
                  Object {
                    "fontFamily": "Material Design Icons",
                    "fontStyle": "normal",
                    "fontWeight": "normal",
                  },
                  Object {},
                ]
              }
            >
              󰮈
            </Text>
          </View>
        </View>
      </View>
      <View
        style={
          Object {
            "alignItems": "center",
            "flexDirection": "row",
            "justifyContent": "space-between",
            "marginLeft": 8,
            "paddingTop": 20,
          }
        }
      >
        <Text
          style={
            Object {
              "color": "#00227b",
              "fontSize": 16,
              "fontWeight": "600",
              "textAlign": "center",
            }
          }
        >
          Add Link Field
        </Text>
        <View
          accessibilityRole="button"
          accessibilityState={
            Object {
              "disabled": false,
            }
          }
          accessible={true}
          focusable={true}
          hitSlop={
            Object {
              "bottom": 6,
              "left": 6,
              "right": 6,
              "top": 6,
            }
          }
          onClick={[Function]}
          onResponderGrant={[Function]}
          onResponderMove={[Function]}
          onResponderRelease={[Function]}
          onResponderTerminate={[Function]}
          onResponderTerminationRequest={[Function]}
          onStartShouldSetResponder={[Function]}
          style={
            Array [
              Object {
                "overflow": "hidden",
              },
              Array [
                Object {
                  "alignItems": "center",
                  "justifyContent": "center",
                  "margin": 6,
                  "overflow": "hidden",
                },
                Object {
                  "borderRadius": 22.5,
                  "height": 45,
                  "width": 45,
                },
                undefined,
                undefined,
              ],
            ]
          }
        >
          <View>
            <Text
              accessibilityElementsHidden={true}
              allowFontScaling={false}
              importantForAccessibility="no-hide-descendants"
              pointerEvents="none"
              selectable={false}
              style={
                Array [
                  Object {
                    "color": "#3849aa",
                    "fontSize": 30,
                  },
                  Array [
                    Object {
                      "lineHeight": 30,
                      "transform": Array [
                        Object {
                          "scaleX": 1,
                        },
                      ],
                    },
                    Object {
                      "backgroundColor": "transparent",
                    },
                  ],
                  Object {
                    "fontFamily": "Material Design Icons",
                    "fontStyle": "normal",
                    "fontWeight": "normal",
                  },
                  Object {},
                ]
              }
            >
              󰐕
            </Text>
          </View>
        </View>
      </View>
      <View
        style={
          Object {
            "flexDirection": "row",
            "width": "100%",
          }
        }
      >
        <View
          style={
            Object {
              "alignItems": "center",
              "borderBottomColor": "lightgray",
              "borderBottomWidth": 1,
              "flex": 9,
              "flexDirection": "row",
              "justifyContent": "space-between",
              "marginLeft": 20,
              "marginRight": 20,
            }
          }
        >
          <TextInput
            onChangeText={[Function]}
            placeholder="Enter field name"
            value=""
          />
        </View>
        <View
          accessibilityRole="button"
          accessibilityState={
            Object {
              "disabled": false,
            }
          }
          accessible={true}
          focusable={true}
          hitSlop={
            Object {
              "bottom": 6,
              "left": 6,
              "right": 6,
              "top": 6,
            }
          }
          onClick={[Function]}
          onResponderGrant={[Function]}
          onResponderMove={[Function]}
          onResponderRelease={[Function]}
          onResponderTerminate={[Function]}
          onResponderTerminationRequest={[Function]}
          onStartShouldSetResponder={[Function]}
          style={
            Array [
              Object {
                "overflow": "hidden",
              },
              Array [
                Object {
                  "alignItems": "center",
                  "justifyContent": "center",
                  "margin": 6,
                  "overflow": "hidden",
                },
                Object {
                  "borderRadius": 18.75,
                  "height": 37.5,
                  "width": 37.5,
                },
                undefined,
                Object {
                  "flex": 1,
                  "marginRight": 12,
                },
              ],
            ]
          }
        >
          <View>
            <Text
              accessibilityElementsHidden={true}
              allowFontScaling={false}
              importantForAccessibility="no-hide-descendants"
              pointerEvents="none"
              selectable={false}
              style={
                Array [
                  Object {
                    "color": "#6e74dc",
                    "fontSize": 25,
                  },
                  Array [
                    Object {
                      "lineHeight": 25,
                      "transform": Array [
                        Object {
                          "scaleX": 1,
                        },
                      ],
                    },
                    Object {
                      "backgroundColor": "transparent",
                    },
                  ],
                  Object {
                    "fontFamily": "Material Design Icons",
                    "fontStyle": "normal",
                    "fontWeight": "normal",
                  },
                  Object {},
                ]
              }
            >
              󰮈
            </Text>
          </View>
        </View>
      </View>
      <View
        style={
          Object {
            "alignItems": "center",
            "flexDirection": "row",
            "justifyContent": "space-between",
            "marginLeft": 8,
            "paddingTop": 20,
          }
        }
      >
        <Text
          style={
            Object {
              "color": "#00227b",
              "fontSize": 16,
              "fontWeight": "600",
              "textAlign": "center",
            }
          }
        >
          Add Location Field
        </Text>
        <View
          accessibilityRole="button"
          accessibilityState={
            Object {
              "disabled": false,
            }
          }
          accessible={true}
          focusable={true}
          hitSlop={
            Object {
              "bottom": 6,
              "left": 6,
              "right": 6,
              "top": 6,
            }
          }
          onClick={[Function]}
          onResponderGrant={[Function]}
          onResponderMove={[Function]}
          onResponderRelease={[Function]}
          onResponderTerminate={[Function]}
          onResponderTerminationRequest={[Function]}
          onStartShouldSetResponder={[Function]}
          style={
            Array [
              Object {
                "overflow": "hidden",
              },
              Array [
                Object {
                  "alignItems": "center",
                  "justifyContent": "center",
                  "margin": 6,
                  "overflow": "hidden",
                },
                Object {
                  "borderRadius": 22.5,
                  "height": 45,
                  "width": 45,
                },
                undefined,
                undefined,
              ],
            ]
          }
        >
          <View>
            <Text
              accessibilityElementsHidden={true}
              allowFontScaling={false}
              importantForAccessibility="no-hide-descendants"
              pointerEvents="none"
              selectable={false}
              style={
                Array [
                  Object {
                    "color": "#3849aa",
                    "fontSize": 30,
                  },
                  Array [
                    Object {
                      "lineHeight": 30,
                      "transform": Array [
                        Object {
                          "scaleX": 1,
                        },
                      ],
                    },
                    Object {
                      "backgroundColor": "transparent",
                    },
                  ],
                  Object {
                    "fontFamily": "Material Design Icons",
                    "fontStyle": "normal",
                    "fontWeight": "normal",
                  },
                  Object {},
                ]
              }
            >
              󰐕
            </Text>
          </View>
        </View>
      </View>
      <View
        style={
          Object {
            "flexDirection": "row",
            "width": "100%",
          }
        }
      >
        <View
          style={
            Object {
              "alignItems": "center",
              "borderBottomColor": "lightgray",
              "borderBottomWidth": 1,
              "flex": 9,
              "flexDirection": "row",
              "justifyContent": "space-between",
              "marginLeft": 20,
              "marginRight": 20,
            }
          }
        >
          <TextInput
            onChangeText={[Function]}
            placeholder="Enter field name"
            value=""
          />
        </View>
        <View
          accessibilityRole="button"
          accessibilityState={
            Object {
              "disabled": false,
            }
          }
          accessible={true}
          focusable={true}
          hitSlop={
            Object {
              "bottom": 6,
              "left": 6,
              "right": 6,
              "top": 6,
            }
          }
          onClick={[Function]}
          onResponderGrant={[Function]}
          onResponderMove={[Function]}
          onResponderRelease={[Function]}
          onResponderTerminate={[Function]}
          onResponderTerminationRequest={[Function]}
          onStartShouldSetResponder={[Function]}
          style={
            Array [
              Object {
                "overflow": "hidden",
              },
              Array [
                Object {
                  "alignItems": "center",
                  "justifyContent": "center",
                  "margin": 6,
                  "overflow": "hidden",
                },
                Object {
                  "borderRadius": 18.75,
                  "height": 37.5,
                  "width": 37.5,
                },
                undefined,
                Object {
                  "flex": 1,
                  "marginRight": 12,
                },
              ],
            ]
          }
        >
          <View>
            <Text
              accessibilityElementsHidden={true}
              allowFontScaling={false}
              importantForAccessibility="no-hide-descendants"
              pointerEvents="none"
              selectable={false}
              style={
                Array [
                  Object {
                    "color": "#6e74dc",
                    "fontSize": 25,
                  },
                  Array [
                    Object {
                      "lineHeight": 25,
                      "transform": Array [
                        Object {
                          "scaleX": 1,
                        },
                      ],
                    },
                    Object {
                      "backgroundColor": "transparent",
                    },
                  ],
                  Object {
                    "fontFamily": "Material Design Icons",
                    "fontStyle": "normal",
                    "fontWeight": "normal",
                  },
                  Object {},
                ]
              }
            >
              󰮈
            </Text>
          </View>
        </View>
      </View>
    </View>
  </RCTScrollView>
</View>
`;
